// Jest Snapshot v1, https://goo.gl/fbAQLP

exports[`Favoritos: drawRectProgressBar method Does not draw progress > 100 1`] = `
Array [
  Object {
    "props": Object {
      "value": "18px Helvetica, Arial, sans-serif",
    },
    "transform": Array [
      1,
      0,
      0,
      1,
      0,
      0,
    ],
    "type": "font",
  },
  Object {
    "props": Object {
      "value": "center",
    },
    "transform": Array [
      1,
      0,
      0,
      1,
      0,
      0,
    ],
    "type": "textAlign",
  },
  Object {
    "props": Object {
      "value": "middle",
    },
    "transform": Array [
      1,
      0,
      0,
      1,
      0,
      0,
    ],
    "type": "textBaseline",
  },
  Object {
    "props": Object {
      "x": 1,
      "y": 1,
    },
    "transform": Array [
      1,
      0,
      0,
      1,
      0,
      0,
    ],
    "type": "scale",
  },
]
`;

exports[`Favoritos: drawRectProgressBar method Draw progress <= 25 if param is correct 1`] = `
Array [
  Object {
    "props": Object {
      "value": "18px Helvetica, Arial, sans-serif",
    },
    "transform": Array [
      1,
      0,
      0,
      1,
      0,
      0,
    ],
    "type": "font",
  },
  Object {
    "props": Object {
      "value": "center",
    },
    "transform": Array [
      1,
      0,
      0,
      1,
      0,
      0,
    ],
    "type": "textAlign",
  },
  Object {
    "props": Object {
      "value": "middle",
    },
    "transform": Array [
      1,
      0,
      0,
      1,
      0,
      0,
    ],
    "type": "textBaseline",
  },
  Object {
    "props": Object {
      "x": 1,
      "y": 1,
    },
    "transform": Array [
      1,
      0,
      0,
      1,
      0,
      0,
    ],
    "type": "scale",
  },
  Object {
    "props": Object {
      "x": 0,
      "y": 0,
    },
    "transform": Array [
      1,
      0,
      0,
      1,
      0,
      0,
    ],
    "type": "moveTo",
  },
  Object {
    "props": Object {
      "x": 25.6,
      "y": 0,
    },
    "transform": Array [
      1,
      0,
      0,
      1,
      0,
      0,
    ],
    "type": "lineTo",
  },
  Object {
    "props": Object {
      "x": 0,
      "y": 0,
    },
    "transform": Array [
      1,
      0,
      0,
      1,
      0,
      0,
    ],
    "type": "moveTo",
  },
  Object {
    "props": Object {
      "x": 25.6,
      "y": 0,
    },
    "transform": Array [
      1,
      0,
      0,
      1,
      0,
      0,
    ],
    "type": "lineTo",
  },
]
`;

exports[`Favoritos: drawRectProgressBar method Draw progress > 25 and <= 50 if param is correct 1`] = `
Array [
  Object {
    "props": Object {
      "value": "18px Helvetica, Arial, sans-serif",
    },
    "transform": Array [
      1,
      0,
      0,
      1,
      0,
      0,
    ],
    "type": "font",
  },
  Object {
    "props": Object {
      "value": "center",
    },
    "transform": Array [
      1,
      0,
      0,
      1,
      0,
      0,
    ],
    "type": "textAlign",
  },
  Object {
    "props": Object {
      "value": "middle",
    },
    "transform": Array [
      1,
      0,
      0,
      1,
      0,
      0,
    ],
    "type": "textBaseline",
  },
  Object {
    "props": Object {
      "x": 1,
      "y": 1,
    },
    "transform": Array [
      1,
      0,
      0,
      1,
      0,
      0,
    ],
    "type": "scale",
  },
  Object {
    "props": Object {
      "x": 0,
      "y": 0,
    },
    "transform": Array [
      1,
      0,
      0,
      1,
      0,
      0,
    ],
    "type": "moveTo",
  },
  Object {
    "props": Object {
      "x": 32,
      "y": 0,
    },
    "transform": Array [
      1,
      0,
      0,
      1,
      0,
      0,
    ],
    "type": "lineTo",
  },
  Object {
    "props": Object {
      "x": 32,
      "y": 0,
    },
    "transform": Array [
      1,
      0,
      0,
      1,
      0,
      0,
    ],
    "type": "moveTo",
  },
  Object {
    "props": Object {
      "x": 32,
      "y": 6.4,
    },
    "transform": Array [
      1,
      0,
      0,
      1,
      0,
      0,
    ],
    "type": "lineTo",
  },
  Object {
    "props": Object {
      "x": 0,
      "y": 0,
    },
    "transform": Array [
      1,
      0,
      0,
      1,
      0,
      0,
    ],
    "type": "moveTo",
  },
  Object {
    "props": Object {
      "x": 32,
      "y": 0,
    },
    "transform": Array [
      1,
      0,
      0,
      1,
      0,
      0,
    ],
    "type": "lineTo",
  },
  Object {
    "props": Object {
      "x": 32,
      "y": 0,
    },
    "transform": Array [
      1,
      0,
      0,
      1,
      0,
      0,
    ],
    "type": "moveTo",
  },
  Object {
    "props": Object {
      "x": 32,
      "y": 6.4,
    },
    "transform": Array [
      1,
      0,
      0,
      1,
      0,
      0,
    ],
    "type": "lineTo",
  },
]
`;

exports[`Favoritos: drawRectProgressBar method Draw progress > 50 and <= 75 if param is correct 1`] = `
Array [
  Object {
    "props": Object {
      "value": "18px Helvetica, Arial, sans-serif",
    },
    "transform": Array [
      1,
      0,
      0,
      1,
      0,
      0,
    ],
    "type": "font",
  },
  Object {
    "props": Object {
      "value": "center",
    },
    "transform": Array [
      1,
      0,
      0,
      1,
      0,
      0,
    ],
    "type": "textAlign",
  },
  Object {
    "props": Object {
      "value": "middle",
    },
    "transform": Array [
      1,
      0,
      0,
      1,
      0,
      0,
    ],
    "type": "textBaseline",
  },
  Object {
    "props": Object {
      "x": 1,
      "y": 1,
    },
    "transform": Array [
      1,
      0,
      0,
      1,
      0,
      0,
    ],
    "type": "scale",
  },
  Object {
    "props": Object {
      "x": 0,
      "y": 0,
    },
    "transform": Array [
      1,
      0,
      0,
      1,
      0,
      0,
    ],
    "type": "moveTo",
  },
  Object {
    "props": Object {
      "x": 32,
      "y": 0,
    },
    "transform": Array [
      1,
      0,
      0,
      1,
      0,
      0,
    ],
    "type": "lineTo",
  },
  Object {
    "props": Object {
      "x": 32,
      "y": 0,
    },
    "transform": Array [
      1,
      0,
      0,
      1,
      0,
      0,
    ],
    "type": "moveTo",
  },
  Object {
    "props": Object {
      "x": 32,
      "y": 32,
    },
    "transform": Array [
      1,
      0,
      0,
      1,
      0,
      0,
    ],
    "type": "lineTo",
  },
  Object {
    "props": Object {
      "x": 32,
      "y": 32,
    },
    "transform": Array [
      1,
      0,
      0,
      1,
      0,
      0,
    ],
    "type": "moveTo",
  },
  Object {
    "props": Object {
      "x": 25.6,
      "y": 32,
    },
    "transform": Array [
      1,
      0,
      0,
      1,
      0,
      0,
    ],
    "type": "lineTo",
  },
  Object {
    "props": Object {
      "x": 0,
      "y": 0,
    },
    "transform": Array [
      1,
      0,
      0,
      1,
      0,
      0,
    ],
    "type": "moveTo",
  },
  Object {
    "props": Object {
      "x": 32,
      "y": 0,
    },
    "transform": Array [
      1,
      0,
      0,
      1,
      0,
      0,
    ],
    "type": "lineTo",
  },
  Object {
    "props": Object {
      "x": 32,
      "y": 0,
    },
    "transform": Array [
      1,
      0,
      0,
      1,
      0,
      0,
    ],
    "type": "moveTo",
  },
  Object {
    "props": Object {
      "x": 32,
      "y": 32,
    },
    "transform": Array [
      1,
      0,
      0,
      1,
      0,
      0,
    ],
    "type": "lineTo",
  },
  Object {
    "props": Object {
      "x": 32,
      "y": 32,
    },
    "transform": Array [
      1,
      0,
      0,
      1,
      0,
      0,
    ],
    "type": "moveTo",
  },
  Object {
    "props": Object {
      "x": 25.6,
      "y": 32,
    },
    "transform": Array [
      1,
      0,
      0,
      1,
      0,
      0,
    ],
    "type": "lineTo",
  },
]
`;

exports[`Favoritos: drawRectProgressBar method Draw progress > 75 and <= 100 if param is correct 1`] = `
Array [
  Object {
    "props": Object {
      "value": "18px Helvetica, Arial, sans-serif",
    },
    "transform": Array [
      1,
      0,
      0,
      1,
      0,
      0,
    ],
    "type": "font",
  },
  Object {
    "props": Object {
      "value": "center",
    },
    "transform": Array [
      1,
      0,
      0,
      1,
      0,
      0,
    ],
    "type": "textAlign",
  },
  Object {
    "props": Object {
      "value": "middle",
    },
    "transform": Array [
      1,
      0,
      0,
      1,
      0,
      0,
    ],
    "type": "textBaseline",
  },
  Object {
    "props": Object {
      "x": 1,
      "y": 1,
    },
    "transform": Array [
      1,
      0,
      0,
      1,
      0,
      0,
    ],
    "type": "scale",
  },
  Object {
    "props": Object {
      "x": 0,
      "y": 0,
    },
    "transform": Array [
      1,
      0,
      0,
      1,
      0,
      0,
    ],
    "type": "moveTo",
  },
  Object {
    "props": Object {
      "x": 32,
      "y": 0,
    },
    "transform": Array [
      1,
      0,
      0,
      1,
      0,
      0,
    ],
    "type": "lineTo",
  },
  Object {
    "props": Object {
      "x": 32,
      "y": 0,
    },
    "transform": Array [
      1,
      0,
      0,
      1,
      0,
      0,
    ],
    "type": "moveTo",
  },
  Object {
    "props": Object {
      "x": 32,
      "y": 32,
    },
    "transform": Array [
      1,
      0,
      0,
      1,
      0,
      0,
    ],
    "type": "lineTo",
  },
  Object {
    "props": Object {
      "x": 32,
      "y": 32,
    },
    "transform": Array [
      1,
      0,
      0,
      1,
      0,
      0,
    ],
    "type": "moveTo",
  },
  Object {
    "props": Object {
      "x": 0,
      "y": 32,
    },
    "transform": Array [
      1,
      0,
      0,
      1,
      0,
      0,
    ],
    "type": "lineTo",
  },
  Object {
    "props": Object {
      "x": 0,
      "y": 32,
    },
    "transform": Array [
      1,
      0,
      0,
      1,
      0,
      0,
    ],
    "type": "moveTo",
  },
  Object {
    "props": Object {
      "x": 0,
      "y": 12.8,
    },
    "transform": Array [
      1,
      0,
      0,
      1,
      0,
      0,
    ],
    "type": "lineTo",
  },
  Object {
    "props": Object {
      "x": 0,
      "y": 0,
    },
    "transform": Array [
      1,
      0,
      0,
      1,
      0,
      0,
    ],
    "type": "moveTo",
  },
  Object {
    "props": Object {
      "x": 32,
      "y": 0,
    },
    "transform": Array [
      1,
      0,
      0,
      1,
      0,
      0,
    ],
    "type": "lineTo",
  },
  Object {
    "props": Object {
      "x": 32,
      "y": 0,
    },
    "transform": Array [
      1,
      0,
      0,
      1,
      0,
      0,
    ],
    "type": "moveTo",
  },
  Object {
    "props": Object {
      "x": 32,
      "y": 32,
    },
    "transform": Array [
      1,
      0,
      0,
      1,
      0,
      0,
    ],
    "type": "lineTo",
  },
  Object {
    "props": Object {
      "x": 32,
      "y": 32,
    },
    "transform": Array [
      1,
      0,
      0,
      1,
      0,
      0,
    ],
    "type": "moveTo",
  },
  Object {
    "props": Object {
      "x": 0,
      "y": 32,
    },
    "transform": Array [
      1,
      0,
      0,
      1,
      0,
      0,
    ],
    "type": "lineTo",
  },
  Object {
    "props": Object {
      "x": 0,
      "y": 32,
    },
    "transform": Array [
      1,
      0,
      0,
      1,
      0,
      0,
    ],
    "type": "moveTo",
  },
  Object {
    "props": Object {
      "x": 0,
      "y": 12.8,
    },
    "transform": Array [
      1,
      0,
      0,
      1,
      0,
      0,
    ],
    "type": "lineTo",
  },
]
`;
