// Jest Snapshot v1, https://goo.gl/fbAQLP

exports[`Favoritos: drawCircleProgressBar method Draw circle progress if "progress" param is correct 1`] = `
Array [
  Object {
    "props": Object {
      "value": "18px Helvetica, Arial, sans-serif",
    },
    "transform": Array [
      1,
      0,
      0,
      1,
      0,
      0,
    ],
    "type": "font",
  },
  Object {
    "props": Object {
      "value": "center",
    },
    "transform": Array [
      1,
      0,
      0,
      1,
      0,
      0,
    ],
    "type": "textAlign",
  },
  Object {
    "props": Object {
      "value": "middle",
    },
    "transform": Array [
      1,
      0,
      0,
      1,
      0,
      0,
    ],
    "type": "textBaseline",
  },
  Object {
    "props": Object {
      "x": 1,
      "y": 1,
    },
    "transform": Array [
      1,
      0,
      0,
      1,
      0,
      0,
    ],
    "type": "scale",
  },
  Object {
    "props": Object {
      "anticlockwise": false,
      "endAngle": 7.853981633974483,
      "radius": 14,
      "startAngle": 4.71238898038469,
      "x": 16,
      "y": 16,
    },
    "transform": Array [
      1,
      0,
      0,
      1,
      0,
      0,
    ],
    "type": "arc",
  },
  Object {
    "props": Object {
      "anticlockwise": false,
      "endAngle": 7.853981633974483,
      "radius": 14,
      "startAngle": 4.71238898038469,
      "x": 16,
      "y": 16,
    },
    "transform": Array [
      1,
      0,
      0,
      1,
      0,
      0,
    ],
    "type": "arc",
  },
]
`;
