// Jest Snapshot v1, https://goo.gl/fbAQLP

exports[`Favoritos: getBadgeYPosition method Return correct Y coord for number and "bottom-left" position 1`] = `
Array [
  Object {
    "props": Object {
      "value": "18px Helvetica, Arial, sans-serif",
    },
    "transform": Array [
      1,
      0,
      0,
      1,
      0,
      0,
    ],
    "type": "font",
  },
  Object {
    "props": Object {
      "value": "center",
    },
    "transform": Array [
      1,
      0,
      0,
      1,
      0,
      0,
    ],
    "type": "textAlign",
  },
  Object {
    "props": Object {
      "value": "middle",
    },
    "transform": Array [
      1,
      0,
      0,
      1,
      0,
      0,
    ],
    "type": "textBaseline",
  },
  Object {
    "props": Object {
      "x": 1,
      "y": 1,
    },
    "transform": Array [
      1,
      0,
      0,
      1,
      0,
      0,
    ],
    "type": "scale",
  },
]
`;

exports[`Favoritos: getBadgeYPosition method Return correct Y coord for number and "bottom-left" position 2`] = `
Array [
  Object {
    "props": Object {
      "value": "18px Helvetica, Arial, sans-serif",
    },
    "transform": Array [
      1,
      0,
      0,
      1,
      0,
      0,
    ],
    "type": "font",
  },
  Object {
    "props": Object {
      "value": "center",
    },
    "transform": Array [
      1,
      0,
      0,
      1,
      0,
      0,
    ],
    "type": "textAlign",
  },
  Object {
    "props": Object {
      "value": "middle",
    },
    "transform": Array [
      1,
      0,
      0,
      1,
      0,
      0,
    ],
    "type": "textBaseline",
  },
  Object {
    "props": Object {
      "x": 1,
      "y": 1,
    },
    "transform": Array [
      1,
      0,
      0,
      1,
      0,
      0,
    ],
    "type": "scale",
  },
]
`;

exports[`Favoritos: getBadgeYPosition method Return correct Y coord for number and "bottom-right" position 1`] = `
Array [
  Object {
    "props": Object {
      "value": "18px Helvetica, Arial, sans-serif",
    },
    "transform": Array [
      1,
      0,
      0,
      1,
      0,
      0,
    ],
    "type": "font",
  },
  Object {
    "props": Object {
      "value": "center",
    },
    "transform": Array [
      1,
      0,
      0,
      1,
      0,
      0,
    ],
    "type": "textAlign",
  },
  Object {
    "props": Object {
      "value": "middle",
    },
    "transform": Array [
      1,
      0,
      0,
      1,
      0,
      0,
    ],
    "type": "textBaseline",
  },
  Object {
    "props": Object {
      "x": 1,
      "y": 1,
    },
    "transform": Array [
      1,
      0,
      0,
      1,
      0,
      0,
    ],
    "type": "scale",
  },
]
`;

exports[`Favoritos: getBadgeYPosition method Return correct Y coord for number and "bottom-right" position 2`] = `
Array [
  Object {
    "props": Object {
      "value": "18px Helvetica, Arial, sans-serif",
    },
    "transform": Array [
      1,
      0,
      0,
      1,
      0,
      0,
    ],
    "type": "font",
  },
  Object {
    "props": Object {
      "value": "center",
    },
    "transform": Array [
      1,
      0,
      0,
      1,
      0,
      0,
    ],
    "type": "textAlign",
  },
  Object {
    "props": Object {
      "value": "middle",
    },
    "transform": Array [
      1,
      0,
      0,
      1,
      0,
      0,
    ],
    "type": "textBaseline",
  },
  Object {
    "props": Object {
      "x": 1,
      "y": 1,
    },
    "transform": Array [
      1,
      0,
      0,
      1,
      0,
      0,
    ],
    "type": "scale",
  },
]
`;

exports[`Favoritos: getBadgeYPosition method Return correct Y coord for number and "top-left" position 1`] = `
Array [
  Object {
    "props": Object {
      "value": "18px Helvetica, Arial, sans-serif",
    },
    "transform": Array [
      1,
      0,
      0,
      1,
      0,
      0,
    ],
    "type": "font",
  },
  Object {
    "props": Object {
      "value": "center",
    },
    "transform": Array [
      1,
      0,
      0,
      1,
      0,
      0,
    ],
    "type": "textAlign",
  },
  Object {
    "props": Object {
      "value": "middle",
    },
    "transform": Array [
      1,
      0,
      0,
      1,
      0,
      0,
    ],
    "type": "textBaseline",
  },
  Object {
    "props": Object {
      "x": 1,
      "y": 1,
    },
    "transform": Array [
      1,
      0,
      0,
      1,
      0,
      0,
    ],
    "type": "scale",
  },
]
`;

exports[`Favoritos: getBadgeYPosition method Return correct Y coord for number and "top-left" position 2`] = `
Array [
  Object {
    "props": Object {
      "value": "18px Helvetica, Arial, sans-serif",
    },
    "transform": Array [
      1,
      0,
      0,
      1,
      0,
      0,
    ],
    "type": "font",
  },
  Object {
    "props": Object {
      "value": "center",
    },
    "transform": Array [
      1,
      0,
      0,
      1,
      0,
      0,
    ],
    "type": "textAlign",
  },
  Object {
    "props": Object {
      "value": "middle",
    },
    "transform": Array [
      1,
      0,
      0,
      1,
      0,
      0,
    ],
    "type": "textBaseline",
  },
  Object {
    "props": Object {
      "x": 1,
      "y": 1,
    },
    "transform": Array [
      1,
      0,
      0,
      1,
      0,
      0,
    ],
    "type": "scale",
  },
]
`;

exports[`Favoritos: getBadgeYPosition method Return correct Y coord for number and "top-right" position 1`] = `
Array [
  Object {
    "props": Object {
      "value": "18px Helvetica, Arial, sans-serif",
    },
    "transform": Array [
      1,
      0,
      0,
      1,
      0,
      0,
    ],
    "type": "font",
  },
  Object {
    "props": Object {
      "value": "center",
    },
    "transform": Array [
      1,
      0,
      0,
      1,
      0,
      0,
    ],
    "type": "textAlign",
  },
  Object {
    "props": Object {
      "value": "middle",
    },
    "transform": Array [
      1,
      0,
      0,
      1,
      0,
      0,
    ],
    "type": "textBaseline",
  },
  Object {
    "props": Object {
      "x": 1,
      "y": 1,
    },
    "transform": Array [
      1,
      0,
      0,
      1,
      0,
      0,
    ],
    "type": "scale",
  },
]
`;

exports[`Favoritos: getBadgeYPosition method Return correct Y coord for number and "top-right" position 2`] = `
Array [
  Object {
    "props": Object {
      "value": "18px Helvetica, Arial, sans-serif",
    },
    "transform": Array [
      1,
      0,
      0,
      1,
      0,
      0,
    ],
    "type": "font",
  },
  Object {
    "props": Object {
      "value": "center",
    },
    "transform": Array [
      1,
      0,
      0,
      1,
      0,
      0,
    ],
    "type": "textAlign",
  },
  Object {
    "props": Object {
      "value": "middle",
    },
    "transform": Array [
      1,
      0,
      0,
      1,
      0,
      0,
    ],
    "type": "textBaseline",
  },
  Object {
    "props": Object {
      "x": 1,
      "y": 1,
    },
    "transform": Array [
      1,
      0,
      0,
      1,
      0,
      0,
    ],
    "type": "scale",
  },
]
`;

exports[`Favoritos: getBadgeYPosition method Return correct Y coord for string and "bottom-left" position 1`] = `
Array [
  Object {
    "props": Object {
      "value": "18px Helvetica, Arial, sans-serif",
    },
    "transform": Array [
      1,
      0,
      0,
      1,
      0,
      0,
    ],
    "type": "font",
  },
  Object {
    "props": Object {
      "value": "center",
    },
    "transform": Array [
      1,
      0,
      0,
      1,
      0,
      0,
    ],
    "type": "textAlign",
  },
  Object {
    "props": Object {
      "value": "middle",
    },
    "transform": Array [
      1,
      0,
      0,
      1,
      0,
      0,
    ],
    "type": "textBaseline",
  },
  Object {
    "props": Object {
      "x": 1,
      "y": 1,
    },
    "transform": Array [
      1,
      0,
      0,
      1,
      0,
      0,
    ],
    "type": "scale",
  },
]
`;

exports[`Favoritos: getBadgeYPosition method Return correct Y coord for string and "bottom-left" position 2`] = `
Array [
  Object {
    "props": Object {
      "value": "18px Helvetica, Arial, sans-serif",
    },
    "transform": Array [
      1,
      0,
      0,
      1,
      0,
      0,
    ],
    "type": "font",
  },
  Object {
    "props": Object {
      "value": "center",
    },
    "transform": Array [
      1,
      0,
      0,
      1,
      0,
      0,
    ],
    "type": "textAlign",
  },
  Object {
    "props": Object {
      "value": "middle",
    },
    "transform": Array [
      1,
      0,
      0,
      1,
      0,
      0,
    ],
    "type": "textBaseline",
  },
  Object {
    "props": Object {
      "x": 1,
      "y": 1,
    },
    "transform": Array [
      1,
      0,
      0,
      1,
      0,
      0,
    ],
    "type": "scale",
  },
]
`;

exports[`Favoritos: getBadgeYPosition method Return correct Y coord for string and "bottom-right" position 1`] = `
Array [
  Object {
    "props": Object {
      "value": "18px Helvetica, Arial, sans-serif",
    },
    "transform": Array [
      1,
      0,
      0,
      1,
      0,
      0,
    ],
    "type": "font",
  },
  Object {
    "props": Object {
      "value": "center",
    },
    "transform": Array [
      1,
      0,
      0,
      1,
      0,
      0,
    ],
    "type": "textAlign",
  },
  Object {
    "props": Object {
      "value": "middle",
    },
    "transform": Array [
      1,
      0,
      0,
      1,
      0,
      0,
    ],
    "type": "textBaseline",
  },
  Object {
    "props": Object {
      "x": 1,
      "y": 1,
    },
    "transform": Array [
      1,
      0,
      0,
      1,
      0,
      0,
    ],
    "type": "scale",
  },
]
`;

exports[`Favoritos: getBadgeYPosition method Return correct Y coord for string and "bottom-right" position 2`] = `
Array [
  Object {
    "props": Object {
      "value": "18px Helvetica, Arial, sans-serif",
    },
    "transform": Array [
      1,
      0,
      0,
      1,
      0,
      0,
    ],
    "type": "font",
  },
  Object {
    "props": Object {
      "value": "center",
    },
    "transform": Array [
      1,
      0,
      0,
      1,
      0,
      0,
    ],
    "type": "textAlign",
  },
  Object {
    "props": Object {
      "value": "middle",
    },
    "transform": Array [
      1,
      0,
      0,
      1,
      0,
      0,
    ],
    "type": "textBaseline",
  },
  Object {
    "props": Object {
      "x": 1,
      "y": 1,
    },
    "transform": Array [
      1,
      0,
      0,
      1,
      0,
      0,
    ],
    "type": "scale",
  },
]
`;

exports[`Favoritos: getBadgeYPosition method Return correct Y coord for string and "top-left" position 1`] = `
Array [
  Object {
    "props": Object {
      "value": "18px Helvetica, Arial, sans-serif",
    },
    "transform": Array [
      1,
      0,
      0,
      1,
      0,
      0,
    ],
    "type": "font",
  },
  Object {
    "props": Object {
      "value": "center",
    },
    "transform": Array [
      1,
      0,
      0,
      1,
      0,
      0,
    ],
    "type": "textAlign",
  },
  Object {
    "props": Object {
      "value": "middle",
    },
    "transform": Array [
      1,
      0,
      0,
      1,
      0,
      0,
    ],
    "type": "textBaseline",
  },
  Object {
    "props": Object {
      "x": 1,
      "y": 1,
    },
    "transform": Array [
      1,
      0,
      0,
      1,
      0,
      0,
    ],
    "type": "scale",
  },
]
`;

exports[`Favoritos: getBadgeYPosition method Return correct Y coord for string and "top-left" position 2`] = `
Array [
  Object {
    "props": Object {
      "value": "18px Helvetica, Arial, sans-serif",
    },
    "transform": Array [
      1,
      0,
      0,
      1,
      0,
      0,
    ],
    "type": "font",
  },
  Object {
    "props": Object {
      "value": "center",
    },
    "transform": Array [
      1,
      0,
      0,
      1,
      0,
      0,
    ],
    "type": "textAlign",
  },
  Object {
    "props": Object {
      "value": "middle",
    },
    "transform": Array [
      1,
      0,
      0,
      1,
      0,
      0,
    ],
    "type": "textBaseline",
  },
  Object {
    "props": Object {
      "x": 1,
      "y": 1,
    },
    "transform": Array [
      1,
      0,
      0,
      1,
      0,
      0,
    ],
    "type": "scale",
  },
]
`;

exports[`Favoritos: getBadgeYPosition method Return correct Y coord for string and "top-right" position 1`] = `
Array [
  Object {
    "props": Object {
      "value": "18px Helvetica, Arial, sans-serif",
    },
    "transform": Array [
      1,
      0,
      0,
      1,
      0,
      0,
    ],
    "type": "font",
  },
  Object {
    "props": Object {
      "value": "center",
    },
    "transform": Array [
      1,
      0,
      0,
      1,
      0,
      0,
    ],
    "type": "textAlign",
  },
  Object {
    "props": Object {
      "value": "middle",
    },
    "transform": Array [
      1,
      0,
      0,
      1,
      0,
      0,
    ],
    "type": "textBaseline",
  },
  Object {
    "props": Object {
      "x": 1,
      "y": 1,
    },
    "transform": Array [
      1,
      0,
      0,
      1,
      0,
      0,
    ],
    "type": "scale",
  },
]
`;

exports[`Favoritos: getBadgeYPosition method Return correct Y coord for string and "top-right" position 2`] = `
Array [
  Object {
    "props": Object {
      "value": "18px Helvetica, Arial, sans-serif",
    },
    "transform": Array [
      1,
      0,
      0,
      1,
      0,
      0,
    ],
    "type": "font",
  },
  Object {
    "props": Object {
      "value": "center",
    },
    "transform": Array [
      1,
      0,
      0,
      1,
      0,
      0,
    ],
    "type": "textAlign",
  },
  Object {
    "props": Object {
      "value": "middle",
    },
    "transform": Array [
      1,
      0,
      0,
      1,
      0,
      0,
    ],
    "type": "textBaseline",
  },
  Object {
    "props": Object {
      "x": 1,
      "y": 1,
    },
    "transform": Array [
      1,
      0,
      0,
      1,
      0,
      0,
    ],
    "type": "scale",
  },
]
`;

exports[`Favoritos: getBadgeYPosition method Return correct Y coord if text width more than badge min width 1`] = `
Array [
  Object {
    "props": Object {
      "value": "18px Helvetica, Arial, sans-serif",
    },
    "transform": Array [
      1,
      0,
      0,
      1,
      0,
      0,
    ],
    "type": "font",
  },
  Object {
    "props": Object {
      "value": "center",
    },
    "transform": Array [
      1,
      0,
      0,
      1,
      0,
      0,
    ],
    "type": "textAlign",
  },
  Object {
    "props": Object {
      "value": "middle",
    },
    "transform": Array [
      1,
      0,
      0,
      1,
      0,
      0,
    ],
    "type": "textBaseline",
  },
  Object {
    "props": Object {
      "x": 1,
      "y": 1,
    },
    "transform": Array [
      1,
      0,
      0,
      1,
      0,
      0,
    ],
    "type": "scale",
  },
]
`;

exports[`Favoritos: getBadgeYPosition method Return correct Y coord if text width more than badge min width 2`] = `
Array [
  Object {
    "props": Object {
      "value": "18px Helvetica, Arial, sans-serif",
    },
    "transform": Array [
      1,
      0,
      0,
      1,
      0,
      0,
    ],
    "type": "font",
  },
  Object {
    "props": Object {
      "value": "center",
    },
    "transform": Array [
      1,
      0,
      0,
      1,
      0,
      0,
    ],
    "type": "textAlign",
  },
  Object {
    "props": Object {
      "value": "middle",
    },
    "transform": Array [
      1,
      0,
      0,
      1,
      0,
      0,
    ],
    "type": "textBaseline",
  },
  Object {
    "props": Object {
      "x": 1,
      "y": 1,
    },
    "transform": Array [
      1,
      0,
      0,
      1,
      0,
      0,
    ],
    "type": "scale",
  },
]
`;
